INFO:     Started server process [28628]
INFO:     Waiting for application startup.
2026-10-10 06:00:53,613 INFO migrations at v2; seed cases_created=0
INFO:     Application startup complete.
INFO:     Uvicorn running on http://127.0.0.1:8000 (Press CTRL+C to quit)
2026-10-10 06:01:20,686 INFO GET /api/v1/public/upload-policy -> 200
2026-10-10 06:01:20,701 INFO GET /api/v1/public/upload-policy -> 200
2026-10-10 06:01:39,549 INFO POST /api/v1/analysis/scan -> 200
2026-10-10 06:01:46,654 INFO POST /api/v1/analysis/scan -> 200
2026-10-10 06:02:18,768 INFO POST /api/v1/analysis/sanitize -> 200
2026-10-10 06:03:01,600 INFO POST /api/v1/analysis/sanitize -> 200
2026-10-10 06:03:08,702 INFO POST /api/v1/analysis/sanitize -> 200
2026-10-10 06:03:25,708 INFO GET /api/v1/public/broker-key -> 200
2026-10-10 06:03:25,735 INFO POST /api/v1/intakes -> 200
2026-10-10 06:03:25,768 INFO POST /api/v1/intakes/8de96006-1618-4065-98ac-544b6d34378c/objects -> 200
2026-10-10 06:03:25,816 INFO PUT /api/v1/intakes/8de96006-1618-4065-98ac-544b6d34378c/objects/9a8e46c5-bfde-488d-aa69-72aca4012704/content -> 200
2026-10-10 06:03:26,406 INFO POST /api/v1/intakes/8de96006-1618-4065-98ac-544b6d34378c/objects/9a8e46c5-bfde-488d-aa69-72aca4012704/complete -> 200
2026-10-10 06:03:26,424 INFO POST /api/v1/intakes/8de96006-1618-4065-98ac-544b6d34378c/objects -> 200
2026-10-10 06:03:26,459 INFO PUT /api/v1/intakes/8de96006-1618-4065-98ac-544b6d34378c/objects/5cfbd450-09d6-4f12-a75e-e44086e95ac7/content -> 200
2026-10-10 06:03:26,502 INFO POST /api/v1/intakes/8de96006-1618-4065-98ac-544b6d34378c/objects/5cfbd450-09d6-4f12-a75e-e44086e95ac7/complete -> 200
2026-10-10 06:03:26,536 INFO POST /api/v1/intakes/8de96006-1618-4065-98ac-544b6d34378c/objects -> 200
2026-10-10 06:03:26,667 INFO PUT /api/v1/intakes/8de96006-1618-4065-98ac-544b6d34378c/objects/4290227a-0f31-4fc5-b1d5-6ef1423c7afb/content -> 200
2026-10-10 06:03:27,076 INFO POST /api/v1/intakes/8de96006-1618-4065-98ac-544b6d34378c/objects/4290227a-0f31-4fc5-b1d5-6ef1423c7afb/complete -> 200
2026-10-10 06:03:27,108 INFO POST /api/v1/intakes/8de96006-1618-4065-98ac-544b6d34378c/objects -> 200
2026-10-10 06:03:27,262 INFO PUT /api/v1/intakes/8de96006-1618-4065-98ac-544b6d34378c/objects/dc0e73a9-9fec-416d-82f0-9883f834d906/content -> 200
2026-10-10 06:03:27,633 INFO POST /api/v1/intakes/8de96006-1618-4065-98ac-544b6d34378c/objects/dc0e73a9-9fec-416d-82f0-9883f834d906/complete -> 200
2026-10-10 06:03:27,700 INFO POST /api/v1/intakes/8de96006-1618-4065-98ac-544b6d34378c/finalize -> 200
2026-10-10 06:04:36,571 INFO GET /api/v1/public/upload-policy -> 200
2026-10-10 06:04:36,578 INFO GET /api/v1/public/upload-policy -> 200
2026-10-10 06:04:54,235 INFO POST /api/v1/analysis/scan -> 200
2026-10-10 06:05:21,062 INFO POST /api/v1/analysis/sanitize -> 200
2026-10-10 06:06:10,245 INFO POST /api/v1/analysis/scan -> 400
2026-10-10 06:06:16,304 INFO POST /api/v1/analysis/scan -> 400
2026-10-10 06:06:25,600 INFO POST /api/v1/analysis/scan -> 200
2026-10-10 06:06:44,458 INFO POST /api/v1/analysis/sanitize -> 200
2026-10-10 06:06:46,810 INFO POST /api/v1/analysis/sanitize -> 200
2026-10-10 06:06:58,137 INFO GET /api/v1/public/broker-key -> 200
2026-10-10 06:06:58,150 INFO POST /api/v1/intakes -> 200
2026-10-10 06:06:58,159 INFO POST /api/v1/intakes/3b415665-505c-4494-8e94-e5d5d46389d8/objects -> 200
2026-10-10 06:06:58,169 INFO PUT /api/v1/intakes/3b415665-505c-4494-8e94-e5d5d46389d8/objects/9e906e14-39f6-4832-8a30-b833017bb28e/content -> 200
2026-10-10 06:06:58,197 INFO POST /api/v1/intakes/3b415665-505c-4494-8e94-e5d5d46389d8/objects/9e906e14-39f6-4832-8a30-b833017bb28e/complete -> 200
2026-10-10 06:06:58,204 INFO POST /api/v1/intakes/3b415665-505c-4494-8e94-e5d5d46389d8/objects -> 200
2026-10-10 06:06:58,214 INFO PUT /api/v1/intakes/3b415665-505c-4494-8e94-e5d5d46389d8/objects/1b5acc53-38d3-47ef-a2e7-9999a8b35a96/content -> 200
2026-10-10 06:06:58,237 INFO POST /api/v1/intakes/3b415665-505c-4494-8e94-e5d5d46389d8/objects/1b5acc53-38d3-47ef-a2e7-9999a8b35a96/complete -> 200
2026-10-10 06:06:58,262 INFO POST /api/v1/intakes/3b415665-505c-4494-8e94-e5d5d46389d8/objects -> 200
2026-10-10 06:06:58,306 INFO PUT /api/v1/intakes/3b415665-505c-4494-8e94-e5d5d46389d8/objects/ece42227-6378-48ce-97b0-e6c7146fa9eb/content -> 200
2026-10-10 06:06:58,423 INFO POST /api/v1/intakes/3b415665-505c-4494-8e94-e5d5d46389d8/objects/ece42227-6378-48ce-97b0-e6c7146fa9eb/complete -> 200
2026-10-10 06:06:58,434 INFO POST /api/v1/intakes/3b415665-505c-4494-8e94-e5d5d46389d8/objects -> 200
2026-10-10 06:06:58,485 INFO PUT /api/v1/intakes/3b415665-505c-4494-8e94-e5d5d46389d8/objects/e9718155-5937-405f-a554-9cabac3cd631/content -> 200
2026-10-10 06:06:58,624 INFO POST /api/v1/intakes/3b415665-505c-4494-8e94-e5d5d46389d8/objects/e9718155-5937-405f-a554-9cabac3cd631/complete -> 200
2026-10-10 06:06:58,639 INFO POST /api/v1/intakes/3b415665-505c-4494-8e94-e5d5d46389d8/finalize -> 200
2026-10-10 06:07:34,921 INFO POST /api/v1/staff/sessions -> 422
2026-10-10 06:07:38,092 INFO POST /api/v1/staff/sessions -> 200
2026-10-10 06:07:38,137 INFO GET /api/v1/staff/notifications -> 200
2026-10-10 06:07:38,147 INFO GET /api/v1/staff/notifications -> 200
2026-10-10 06:07:38,151 INFO GET /api/v1/staff/cases -> 200
2026-10-10 06:07:38,161 INFO GET /api/v1/staff/cases -> 200
2026-10-10 06:07:43,151 INFO GET /api/v1/staff/notifications -> 200
2026-10-10 06:07:43,158 INFO GET /api/v1/staff/cases -> 200
2026-10-10 06:07:44,446 INFO GET /api/v1/staff/evidence/ev-1791592481431-gs8h/protected -> 404
2026-10-10 06:07:44,459 INFO GET /api/v1/staff/evidence/ev-1791592481431-gs8h/protected -> 404
2026-10-10 06:07:48,135 INFO GET /api/v1/staff/notifications -> 200
2026-10-10 06:07:48,139 INFO GET /api/v1/staff/cases -> 200
2026-10-10 06:07:53,147 INFO GET /api/v1/staff/notifications -> 200
2026-10-10 06:07:53,153 INFO GET /api/v1/staff/cases -> 200
2026-10-10 06:07:58,145 INFO GET /api/v1/staff/notifications -> 200
2026-10-10 06:07:58,150 INFO GET /api/v1/staff/cases -> 200
2026-10-10 06:08:03,159 INFO GET /api/v1/staff/notifications -> 200
2026-10-10 06:08:03,165 INFO GET /api/v1/staff/cases -> 200
2026-10-10 06:08:08,151 INFO GET /api/v1/staff/notifications -> 200
2026-10-10 06:08:08,158 INFO GET /api/v1/staff/cases -> 200
2026-10-10 06:08:13,142 INFO GET /api/v1/staff/notifications -> 200
2026-10-10 06:08:13,148 INFO GET /api/v1/staff/cases -> 200
2026-10-10 06:08:18,150 INFO GET /api/v1/staff/notifications -> 200
2026-10-10 06:08:18,156 INFO GET /api/v1/staff/cases -> 200
2026-10-10 06:08:23,150 INFO GET /api/v1/staff/notifications -> 200
2026-10-10 06:08:23,156 INFO GET /api/v1/staff/cases -> 200
2026-10-10 06:08:28,148 INFO GET /api/v1/staff/notifications -> 200
2026-10-10 06:08:28,154 INFO GET /api/v1/staff/cases -> 200
2026-10-10 06:08:33,140 INFO GET /api/v1/staff/notifications -> 200
2026-10-10 06:08:33,147 INFO GET /api/v1/staff/cases -> 200
2026-10-10 06:08:38,140 INFO GET /api/v1/staff/notifications -> 200
2026-10-10 06:08:38,146 INFO GET /api/v1/staff/cases -> 200
2026-10-10 06:08:43,149 INFO GET /api/v1/staff/notifications -> 200
2026-10-10 06:08:43,155 INFO GET /api/v1/staff/cases -> 200
2026-10-10 06:08:48,143 INFO GET /api/v1/staff/notifications -> 200
2026-10-10 06:08:48,152 INFO GET /api/v1/staff/cases -> 200
2026-10-10 06:08:53,150 INFO GET /api/v1/staff/notifications -> 200
2026-10-10 06:08:53,155 INFO GET /api/v1/staff/cases -> 200
2026-10-10 06:08:58,138 INFO GET /api/v1/staff/notifications -> 200
2026-10-10 06:08:58,145 INFO GET /api/v1/staff/cases -> 200
2026-10-10 06:09:03,138 INFO GET /api/v1/staff/notifications -> 200
2026-10-10 06:09:03,147 INFO GET /api/v1/staff/cases -> 200
2026-10-10 06:09:08,147 INFO GET /api/v1/staff/notifications -> 200
2026-10-10 06:09:08,152 INFO GET /api/v1/staff/cases -> 200
2026-10-10 06:09:13,142 INFO GET /api/v1/staff/notifications -> 200
2026-10-10 06:09:13,147 INFO GET /api/v1/staff/cases -> 200
2026-10-10 06:09:18,146 INFO GET /api/v1/staff/notifications -> 200
2026-10-10 06:09:18,152 INFO GET /api/v1/staff/cases -> 200
2026-10-10 06:09:23,144 INFO GET /api/v1/staff/notifications -> 200
2026-10-10 06:09:23,148 INFO GET /api/v1/staff/cases -> 200
2026-10-10 06:09:28,139 INFO GET /api/v1/staff/notifications -> 200
2026-10-10 06:09:28,144 INFO GET /api/v1/staff/cases -> 200
2026-10-10 06:09:33,150 INFO GET /api/v1/staff/cases -> 200
2026-10-10 06:09:33,152 INFO GET /api/v1/staff/notifications -> 200
2026-10-10 06:09:38,135 INFO GET /api/v1/staff/notifications -> 200
2026-10-10 06:09:38,138 INFO GET /api/v1/staff/cases -> 200
2026-10-10 06:09:43,147 INFO GET /api/v1/staff/notifications -> 200
2026-10-10 06:09:43,153 INFO GET /api/v1/staff/cases -> 200
2026-10-10 06:09:48,147 INFO GET /api/v1/staff/notifications -> 200
2026-10-10 06:09:48,152 INFO GET /api/v1/staff/cases -> 200
2026-10-10 06:09:53,140 INFO GET /api/v1/staff/cases -> 200
2026-10-10 06:09:53,146 INFO GET /api/v1/staff/notifications -> 200
2026-10-10 06:09:57,413 INFO GET /api/v1/staff/notifications -> 200
2026-10-10 06:09:57,418 INFO GET /api/v1/staff/cases -> 200
2026-10-10 06:10:02,427 INFO GET /api/v1/staff/notifications -> 200
2026-10-10 06:10:02,433 INFO GET /api/v1/staff/cases -> 200
2026-10-10 06:10:07,422 INFO GET /api/v1/staff/notifications -> 200
2026-10-10 06:10:07,428 INFO GET /api/v1/staff/cases -> 200
2026-10-10 06:10:12,427 INFO GET /api/v1/staff/notifications -> 200
2026-10-10 06:10:12,432 INFO GET /api/v1/staff/cases -> 200
2026-10-10 06:10:17,430 INFO GET /api/v1/staff/notifications -> 200
2026-10-10 06:10:17,434 INFO GET /api/v1/staff/cases -> 200
2026-10-10 06:10:19,958 INFO POST /api/v1/staff/sessions -> 200
2026-10-10 06:10:19,966 INFO GET /api/v1/staff/cases -> 200
2026-10-10 06:10:22,426 INFO GET /api/v1/staff/notifications -> 200
2026-10-10 06:10:22,431 INFO GET /api/v1/staff/cases -> 200
2026-10-10 06:10:27,428 INFO GET /api/v1/staff/notifications -> 200
2026-10-10 06:10:27,435 INFO GET /api/v1/staff/cases -> 200
2026-10-10 06:10:32,419 INFO GET /api/v1/staff/notifications -> 200
2026-10-10 06:10:32,423 INFO GET /api/v1/staff/cases -> 200
2026-10-10 06:10:37,418 INFO GET /api/v1/staff/notifications -> 200
2026-10-10 06:10:37,422 INFO GET /api/v1/staff/cases -> 200
2026-10-10 06:10:42,427 INFO GET /api/v1/staff/notifications -> 200
2026-10-10 06:10:42,435 INFO GET /api/v1/staff/cases -> 200
2026-10-10 06:10:47,415 INFO GET /api/v1/staff/notifications -> 200
2026-10-10 06:10:47,421 INFO GET /api/v1/staff/cases -> 200
2026-10-10 06:10:52,423 INFO GET /api/v1/staff/notifications -> 200
2026-10-10 06:10:52,428 INFO GET /api/v1/staff/cases -> 200
2026-10-10 06:10:57,417 INFO GET /api/v1/staff/notifications -> 200
2026-10-10 06:10:57,423 INFO GET /api/v1/staff/cases -> 200
2026-10-10 06:11:02,430 INFO GET /api/v1/staff/cases -> 200
2026-10-10 06:11:02,433 INFO GET /api/v1/staff/notifications -> 200
2026-10-10 06:11:07,419 INFO GET /api/v1/staff/notifications -> 200
2026-10-10 06:11:07,424 INFO GET /api/v1/staff/cases -> 200
2026-10-10 06:11:12,424 INFO GET /api/v1/staff/notifications -> 200
2026-10-10 06:11:12,429 INFO GET /api/v1/staff/cases -> 200
2026-10-10 06:11:17,429 INFO GET /api/v1/staff/notifications -> 200
2026-10-10 06:11:17,436 INFO GET /api/v1/staff/cases -> 200
2026-10-10 06:11:22,434 INFO GET /api/v1/staff/notifications -> 200
2026-10-10 06:11:22,437 INFO GET /api/v1/staff/cases -> 200
2026-10-10 06:11:27,426 INFO GET /api/v1/staff/notifications -> 200
2026-10-10 06:11:27,432 INFO GET /api/v1/staff/cases -> 200
2026-10-10 06:11:32,431 INFO GET /api/v1/staff/notifications -> 200
2026-10-10 06:11:32,434 INFO GET /api/v1/staff/cases -> 200
2026-10-10 06:11:37,423 INFO GET /api/v1/staff/notifications -> 200
2026-10-10 06:11:37,430 INFO GET /api/v1/staff/cases -> 200
2026-10-10 06:11:42,426 INFO GET /api/v1/staff/notifications -> 200
2026-10-10 06:11:42,434 INFO GET /api/v1/staff/cases -> 200
2026-10-10 06:11:47,419 INFO GET /api/v1/staff/notifications -> 200
2026-10-10 06:11:47,424 INFO GET /api/v1/staff/cases -> 200
2026-10-10 06:11:52,424 INFO GET /api/v1/staff/notifications -> 200
2026-10-10 06:11:52,430 INFO GET /api/v1/staff/cases -> 200
2026-10-10 06:11:57,431 INFO GET /api/v1/staff/notifications -> 200
2026-10-10 06:11:57,438 INFO GET /api/v1/staff/cases -> 200
2026-10-10 06:12:02,424 INFO GET /api/v1/staff/notifications -> 200
2026-10-10 06:12:02,431 INFO GET /api/v1/staff/cases -> 200
2026-10-10 06:12:07,432 INFO GET /api/v1/staff/notifications -> 200
2026-10-10 06:12:07,445 INFO GET /api/v1/staff/cases -> 200
2026-10-10 06:12:12,431 INFO GET /api/v1/staff/cases -> 200
2026-10-10 06:12:12,439 INFO GET /api/v1/staff/notifications -> 200
2026-10-10 06:12:17,415 INFO GET /api/v1/staff/notifications -> 200
2026-10-10 06:12:17,422 INFO GET /api/v1/staff/cases -> 200
2026-10-10 06:12:22,416 INFO GET /api/v1/staff/notifications -> 200
2026-10-10 06:12:22,445 INFO GET /api/v1/staff/cases -> 200
2026-10-10 06:12:27,415 INFO GET /api/v1/staff/notifications -> 200
2026-10-10 06:12:27,420 INFO GET /api/v1/staff/cases -> 200
2026-10-10 06:12:32,424 INFO GET /api/v1/staff/notifications -> 200
2026-10-10 06:12:32,432 INFO GET /api/v1/staff/cases -> 200
2026-10-10 06:12:37,422 INFO GET /api/v1/staff/notifications -> 200
2026-10-10 06:12:37,428 INFO GET /api/v1/staff/cases -> 200
2026-10-10 06:12:42,415 INFO GET /api/v1/staff/notifications -> 200
2026-10-10 06:12:42,420 INFO GET /api/v1/staff/cases -> 200
2026-10-10 06:12:47,420 INFO GET /api/v1/staff/notifications -> 200
2026-10-10 06:12:47,429 INFO GET /api/v1/staff/cases -> 200
2026-10-10 06:12:52,430 INFO GET /api/v1/staff/notifications -> 200
2026-10-10 06:12:52,434 INFO GET /api/v1/staff/cases -> 200
2026-10-10 06:12:57,428 INFO GET /api/v1/staff/notifications -> 200
2026-10-10 06:12:57,434 INFO GET /api/v1/staff/cases -> 200
2026-10-10 06:13:02,422 INFO GET /api/v1/staff/notifications -> 200
2026-10-10 06:13:02,426 INFO GET /api/v1/staff/cases -> 200
2026-10-10 06:13:07,419 INFO GET /api/v1/staff/notifications -> 200
2026-10-10 06:13:07,424 INFO GET /api/v1/staff/cases -> 200
2026-10-10 06:13:12,049 INFO GET /api/v1/staff/evidence/ev-1791592481431-gs8h/protected -> 404
2026-10-10 06:13:12,059 INFO GET /api/v1/staff/evidence/ev-1791592481431-gs8h/protected -> 404
2026-10-10 06:13:12,417 INFO GET /api/v1/staff/notifications -> 200
2026-10-10 06:13:12,423 INFO GET /api/v1/staff/cases -> 200
2026-10-10 06:13:17,427 INFO GET /api/v1/staff/notifications -> 200
2026-10-10 06:13:17,432 INFO GET /api/v1/staff/cases -> 200
2026-10-10 06:13:22,419 INFO GET /api/v1/staff/notifications -> 200
2026-10-10 06:13:22,452 INFO GET /api/v1/staff/cases -> 200
2026-10-10 06:13:45,777 INFO GET /api/v1/public/upload-policy -> 200
2026-10-10 06:13:45,783 INFO GET /api/v1/public/upload-policy -> 200
2026-10-10 06:14:06,053 INFO POST /api/v1/analysis/scan -> 200
2026-10-10 06:14:36,880 INFO POST /api/v1/analysis/sanitize -> 200
2026-10-10 06:14:49,666 INFO POST /api/v1/analysis/scan -> 200
2026-10-10 06:15:17,222 INFO POST /api/v1/analysis/sanitize -> 400
2026-10-10 06:15:19,177 INFO POST /api/v1/analysis/sanitize -> 400
2026-10-10 06:15:20,538 INFO POST /api/v1/analysis/sanitize -> 400
2026-10-10 06:15:28,196 INFO POST /api/v1/analysis/sanitize -> 400
2026-10-10 06:15:29,041 INFO POST /api/v1/analysis/sanitize -> 400
2026-10-10 06:15:29,820 INFO POST /api/v1/analysis/sanitize -> 400
2026-10-10 06:15:30,934 INFO POST /api/v1/analysis/sanitize -> 400
2026-10-10 06:15:31,780 INFO POST /api/v1/analysis/sanitize -> 400
2026-10-10 06:15:33,105 INFO POST /api/v1/analysis/sanitize -> 400
2026-10-10 06:15:34,339 INFO POST /api/v1/analysis/sanitize -> 400
2026-10-10 06:15:35,204 INFO POST /api/v1/analysis/sanitize -> 400
2026-10-10 06:15:45,187 INFO POST /api/v1/analysis/sanitize -> 400
2026-10-10 06:15:46,543 INFO POST /api/v1/analysis/sanitize -> 400
